// Vitest Snapshot v1, https://vitest.dev/guide/snapshot.html

exports[`fart > draws the same picture on a wide screen, centred 1`] = `
"................................................................................................................................................................................................................................................................................
................................................................................................................................................................................................................................................................................
................................................................................................................................................................................................................................................................................
................................................................................................................................................................................................................................................................................
................................................................................................................................................................................................................................................................................
................................................................................................................................................................................................................................................................................
................................................................................................................................................................................................................................................................................
................................................................................................................................................................................................................................................................................
................................................................................................................................................................................................................................................................................
................................................................................................................................................................................................................................................................................
................................................................................................................................................................................................................................................................................
................................................................................................................................................................................................................................................................................
................................................................................................................................................................................................................................................................................
................................................................................................................................................................................................................................................................................
................................................................................................................................................................................................................................................................................
................................................................................................................................................................................................................................................................................
................................................................................................................................................................................................................................................................................
................................................................................................................................................................................................................................................................................
................................................................................................................................................................................................................................................................................
................................................................................................................................................................................................................................................................................
................................................................................................................................................................................................................................................................................
................................................................................................................................................................................................................................................................................
................................................................................................................................................................................................................................................................................
................................................................................................................................................................................................................................................................................
................................................................................................................................................................................................................................................................................
................................................................................................................................................................................................................................................................................
................................................................................................................................................................................................................................................................................
................................................................................................................................................................................................................................................................................
................................................................................................................................................................................................................................................................................
................................................................................................................................................................................................................................................................................
................................................................................................................................................................................................................................................................................
................................................................................................................................................................................................................................................................................
................................................................................................................................................................................................................................................................................
................................................................................................................................................................................................................................................................................
................................................................................................................................................................................................................................................................................
...................................................................................................................................................................................................................................###################..........................
...................................................................................................................................................................................................................................###################..........................
...................................................................................................................................................................................................................................###################..........................
...................................................................................................................................................................................................................................###################..........................
...................................................................................................................................................................................................................................###################..........................
...................................................................................................................................................................................................................................###################..........................
...................................................................................................................................................................................................................................###################..........................
...................................................................................................................................................................................................................................###################..........................
...................................................................................................................................................................................................................................###################..........................
...................................................................................................................................................................................................................................###################..........................
...................................................................................................................................................................................................................................###################..........................
..................................................................................................................................................................###############...............................................#########################.......................
..................................................................................................................................................................###############...........................................#################################...................
..................................................................................................................................................................###############.........................................#####################################.................
..................................................................................................................................................................###############.......................................#########################################...............
..................................................................................................................................................................###############.....................................#############################################.............
..................................................................................................................................................................###############...................................#################################################...........
..................................................................................................................................................................###############..................................###################################################..........
..................................................................................................................................................................###############.................................#####################################################.........
..............................................................................................................................................................#######################...........................#########################################################.......
.................................................................................................############..............................................#############################........................#########################################################.......
.................................................................................................############............................................#################################.....................###########################################################......
.................................................................................................############..........................................#####################################..................#############################################################.....
.................................................................................................############.........................................#######################################.................#############################################################.....
.................................................................................................############........................................#########################################...............###############################################################....
.................................................................................................############.......................................###########################################..............###############################################################....
..............................................................................................###################..................................#############################################............#################################################################...
...........................................................................................#########################..............................###############################################...........#################################################################...
................................#########.................................................###########################............................#################################################..........#################################################################...
................................#########...............................................###############################..........................#################################################..........#################################################################...
................................#########..............................................#################################........................###################################################.........#################################################################...
................................#########.............................................###################################.......................###################################################.........#################################################################...
...............................###########...........................................#####################################......................###################################################.........#################################################################...
............................#################........................................#####################################......................###################################################..........###############################################################....
..........................#####################.....................................#######################################.....................###################################################..........###############################################################....
.........................#######################....................................#######################################.....................###################################################...........#############################################################.....
........................#########################...................................#######################################.....................###################################################...........#############################################################.....
.......................###########################..................................#######################################......................#################################################.............###########################################################......
.......................###########################..................................#######################################......................#################################################..............#########################################################.......
......................#############################.................................#######################################.......................###############################################...............#########################################################.......
......................#############################.................................#######################################........................#############################################..................#####################################################.........
......................#############################..................................#####################################..........................###########################################....................###################################################..........
.......................###########################...................................#####################################...........................#########################################......................#################################################...........
.......................###########################....................................###################################.............................#######################################.........................#############################################.............
........................#########################......................................#################################...............................#####################################............................#########################################...............
.........................#######################........................................###############################..................................#################################................................#####################################.................
..........................#####################...........................................###########################......................................#############################....................................#################################...................
............................#################..............................................#########################..........................................#######################...........................................#########################.......................
...............................###########....................................................###################..................................................#############.....................................................###############............................
..............#####################################################################################################################################################################################################################################################.............
..............#####################################################################################################################################################################################################################################################.............
..............#####################################################################################################################################################################################################################################################.............
................................................................................................................................................................................................................................................................................
................................................................................................................................................................................................................................................................................
................................................................................................................................................................................................................................................................................
................................................................................................................................................................................................................................................................................
................................................................................................................................................................................................................................................................................
................................................................................................................................................................................................................................................................................
................................................................................................................................................................................................................................................................................
................................................................................................................................................................................................................................................................................
................................................................................................................................................................................................................................................................................
................................................................................................................................................................................................................................................................................
................................................................................................................................................................................................................................................................................
................................................................................................................................................................................................................................................................................
................................................................................................................................................................................................................................................................................
................................................................................................................................................................................................................................................................................
................................................................................................................................................................................................................................................................................
................................................................................................................................................................................................................................................................................
................................................................................................................................................................................................................................................................................
................................................................................................................................................................................................................................................................................
................................................................................................................................................................................................................................................................................
................................................................................................................................................................................................................................................................................
................................................................................................................................................................................................................................................................................
................................................................................................................................................................................................................................................................................
................................................................................................................................................................................................................................................................................
................................................................................................................................................................................................................................................................................
................................................................................................................................................................................................................................................................................
................................................................................................................................................................................................................................................................................
................................................................................................................................................................................................................................................................................
................................................................................................................................................................................................................................................................................
................................................................................................................................................................................................................................................................................
................................................................................................................................................................................................................................................................................
................................................................................................................................................................................................................................................................................
................................................................................................................................................................................................................................................................................
................................................................................................................................................................................................................................................................................"
`;

exports[`fart > draws the same picture on a wide screen, centred 2`] = `
"................................................................................................................................................................................................................................................................................................................................................................................................................................................................................................
................................................................................................................................................................................................................................................................................................................................................................................................................................................................................................
................................................................................................................................................................................................................................................................................................................................................................................................................................................................................................
................................................................................................................................................................................................................................................................................................................................................................................................................................................................................................
................................................................................................................................................................................................................................................................................................................................................................................................................................................................................................
................................................................................................................................................................................................................................................................................................................................................................................................................................................................................................
................................................................................................................................................................................................................................................................................................................................................................................................................................................................................................
................................................................................................................................................................................................................................................................................................................................................................................................................................................................................................
................................................................................................................................................................................................................................................................................................................................................................................................................................................................................................
................................................................................................................................................................................................................................................................................................................................................................................................................................................................................................
................................................................................................................................................................................................................................................................................................................................................................................................................................................................................................
................................................................................................................................................................................................................................................................................................................................................................................................................................................................................................
................................................................................................................................................................................................................................................................................................................................................................................................................................................................................................
................................................................................................................................................................................................................................................................................................................................................................................................................................................................................................
................................................................................................................................................................................................................................................................................................................................................................................................................................................................................................
................................................................................................................................................................................................................................................................................................................................................................................................................................................................................................
................................................................................................................................................................................................................................................................................................................................................................................................................................................................................................
................................................................................................................................................................................................................................................................................................................................................................................................................................................................................................
................................................................................................................................................................................................................................................................................................................................................................................................................................................................................................
................................................................................................................................................................................................................................................................................................................................................................................................................................................................................................
................................................................................................................................................................................................................................................................................................................................................................................................................................................................................................
................................................................................................................................................................................................................................................................................................................................................................................................................................................................................................
................................................................................................................................................................................................................................................................................................................................................................................................................................................................................................
................................................................................................................................................................................................................................................................................................................................................................................................................................................................................................
................................................................................................................................................................................................................................................................................................................................................................................................................................................................................................
................................................................................................................................................................................................................................................................................................................................................................................................................................................................................................
................................................................................................................................................................................................................................................................................................................................................................................................................................................................................................
................................................................................................................................................................................................................................................................................................................................................................................................................................................................................................
................................................................................................................................................................................................................................................................................................................................................................................................................................................................................................
................................................................................................................................................................................................................................................................................................................................................................................................................................................................................................
................................................................................................................................................................................................................................................................................................................................................................................................................................................................................................
................................................................................................................................................................................................................................................................................................................................................................................................................................................................................................
................................................................................................................................................................................................................................................................................................................................................................................................................................................................................................
................................................................................................................................................................................................................................................................................................................................................................................................................................................................................................
................................................................................................................................................................................................................................................................................................................................................................................................................................................................................................
...........................................................................................................................................................................................................................................................................................................................................###################..................................................................................................................................
...........................................................................................................................................................................................................................................................................................................................................###################..................................................................................................................................
...........................................................................................................................................................................................................................................................................................................................................###################..................................................................................................................................
...........................................................................................................................................................................................................................................................................................................................................###################..................................................................................................................................
...........................................................................................................................................................................................................................................................................................................................................###################..................................................................................................................................
...........................................................................................................................................................................................................................................................................................................................................###################..................................................................................................................................
...........................................................................................................................................................................................................................................................................................................................................###################..................................................................................................................................
...........................................................................................................................................................................................................................................................................................................................................###################..................................................................................................................................
...........................................................................................................................................................................................................................................................................................................................................###################..................................................................................................................................
...........................................................................................................................................................................................................................................................................................................................................###################..................................................................................................................................
...........................................................................................................................................................................................................................................................................................................................................###################..................................................................................................................................
..........................................................................................................................................................................................................................................................................###############...............................................#########################...............................................................................................................................
..........................................................................................................................................................................................................................................................................###############...........................................#################################...........................................................................................................................
..........................................................................................................................................................................................................................................................................###############.........................................#####################################.........................................................................................................................
..........................................................................................................................................................................................................................................................................###############.......................................#########################################.......................................................................................................................
..........................................................................................................................................................................................................................................................................###############.....................................#############################################.....................................................................................................................
..........................................................................................................................................................................................................................................................................###############...................................#################################################...................................................................................................................
..........................................................................................................................................................................................................................................................................###############..................................###################################################..................................................................................................................
..........................................................................................................................................................................................................................................................................###############.................................#####################################################.................................................................................................................
......................................................................................................................................................................................................................................................................#######################...........................#########################################################...............................................................................................................
.........................................................................................................................................................................................................############..............................................#############################........................#########################################################...............................................................................................................
.........................................................................................................................................................................................................############............................................#################################.....................###########################################################..............................................................................................................
.........................................................................................................................................................................................................############..........................................#####################################..................#############################################################.............................................................................................................
.........................................................................................................................................................................................................############.........................................#######################################.................#############################################################.............................................................................................................
.........................................................................................................................................................................................................############........................................#########################################...............###############################################################............................................................................................................
.........................................................................................................................................................................................................############.......................................###########################################..............###############################################################............................................................................................................
......................................................................................................................................................................................................###################..................................#############################################............#################################################################...........................................................................................................
...................................................................................................................................................................................................#########################..............................###############################################...........#################################################################...........................................................................................................
........................................................................................................................................#########.................................................###########################............................#################################################..........#################################################################...........................................................................................................
........................................................................................................................................#########...............................................###############################..........................#################################################..........#################################################################...........................................................................................................
........................................................................................................................................#########..............................................#################################........................###################################################.........#################################################################...........................................................................................................
........................................................................................................................................#########.............................................###################################.......................###################################################.........#################################################################...........................................................................................................
.......................................................................................................................................###########...........................................#####################################......................###################################################.........#################################################################...........................................................................................................
....................................................................................................................................#################........................................#####################################......................###################################################..........###############################################################............................................................................................................
..................................................................................................................................#####################.....................................#######################################.....................###################################################..........###############################################################............................................................................................................
.................................................................................................................................#######################....................................#######################################.....................###################################################...........#############################################################.............................................................................................................
................................................................................................................................#########################...................................#######################################.....................###################################################...........#############################################################.............................................................................................................
...............................................................................................................................###########################..................................#######################################......................#################################################.............###########################################################..............................................................................................................
...............................................................................................................................###########################..................................#######################################......................#################################################..............#########################################################...............................................................................................................
..............................................................................................................................#############################.................................#######################################.......................###############################################...............#########################################################...............................................................................................................
..............................................................................................................................#############################.................................#######################################........................#############################################..................#####################################################.................................................................................................................
..............................................................................................................................#############################..................................#####################################..........................###########################################....................###################################################..................................................................................................................
...............................................................................................................................###########################...................................#####################################...........................#########################################......................#################################################...................................................................................................................
...............................................................................................................................###########################....................................###################################.............................#######################################.........................#############################################.....................................................................................................................
................................................................................................................................#########################......................................#################################...............................#####################################............................#########################################.......................................................................................................................
.................................................................................................................................#######################........................................###############################..................................#################################................................#####################################.........................................................................................................................
..................................................................................................................................#####################...........................................###########################......................................#############################....................................#################################...........................................................................................................................
....................................................................................................................................#################..............................................#########################..........................................#######################...........................................#########################...............................................................................................................................
.......................................................................................................................................###########....................................................###################..................................................#############.....................................................###############....................................................................................................................................
......................................................................................................................#####################################################################################################################################################################################################################################################.....................................................................................................................
......................................................................................................................#####################################################################################################################################################################################################################################################.....................................................................................................................
......................................................................................................................#####################################################################################################################################################################################################################################################.....................................................................................................................
................................................................................................................................................................................................................................................................................................................................................................................................................................................................................................
................................................................................................................................................................................................................................................................................................................................................................................................................................................................................................
................................................................................................................................................................................................................................................................................................................................................................................................................................................................................................
................................................................................................................................................................................................................................................................................................................................................................................................................................................................................................
................................................................................................................................................................................................................................................................................................................................................................................................................................................................................................
................................................................................................................................................................................................................................................................................................................................................................................................................................................................................................
................................................................................................................................................................................................................................................................................................................................................................................................................................................................................................
................................................................................................................................................................................................................................................................................................................................................................................................................................................................................................
................................................................................................................................................................................................................................................................................................................................................................................................................................................................................................
................................................................................................................................................................................................................................................................................................................................................................................................................................................................................................
................................................................................................................................................................................................................................................................................................................................................................................................................................................................................................
................................................................................................................................................................................................................................................................................................................................................................................................................................................................................................
................................................................................................................................................................................................................................................................................................................................................................................................................................................................................................
................................................................................................................................................................................................................................................................................................................................................................................................................................................................................................
................................................................................................................................................................................................................................................................................................................................................................................................................................................................................................
................................................................................................................................................................................................................................................................................................................................................................................................................................................................................................
................................................................................................................................................................................................................................................................................................................................................................................................................................................................................................
................................................................................................................................................................................................................................................................................................................................................................................................................................................................................................
................................................................................................................................................................................................................................................................................................................................................................................................................................................................................................
................................................................................................................................................................................................................................................................................................................................................................................................................................................................................................
................................................................................................................................................................................................................................................................................................................................................................................................................................................................................................
................................................................................................................................................................................................................................................................................................................................................................................................................................................................................................
................................................................................................................................................................................................................................................................................................................................................................................................................................................................................................
................................................................................................................................................................................................................................................................................................................................................................................................................................................................................................
................................................................................................................................................................................................................................................................................................................................................................................................................................................................................................
................................................................................................................................................................................................................................................................................................................................................................................................................................................................................................
................................................................................................................................................................................................................................................................................................................................................................................................................................................................................................
................................................................................................................................................................................................................................................................................................................................................................................................................................................................................................
................................................................................................................................................................................................................................................................................................................................................................................................................................................................................................
................................................................................................................................................................................................................................................................................................................................................................................................................................................................................................
................................................................................................................................................................................................................................................................................................................................................................................................................................................................................................
................................................................................................................................................................................................................................................................................................................................................................................................................................................................................................
................................................................................................................................................................................................................................................................................................................................................................................................................................................................................................"
`;
