// Vitest Snapshot v1, https://vitest.dev/guide/snapshot.html

exports[`the picture > draws the maze, the dots and both figures 1`] = `
"################################################################################################################################################################################################################################################
################################################################################################################################################################################################################################################
################################################################################################################################################################################################################################################
################################################################################################################################################################################################################################################
################################################################################################################################################################################################################################################
#####...........................................................................................................################...........................................................................................................#####
#####.....#######...............................................................................................################...............................................................................................#######.....#####
#####....#########..............................................................................................################..............................................................................................#########....#####
#####...###########...................#####.....................#####......................#####................################................#####......................#####......................#####..................###########...#####
#####..#############.................#######...................#######....................#######...............################...............#######....................#######....................#######................#############..#####
#####..#############.................#######...................#######....................#######...............################...............#######....................#######....................#######................#############..#####
#####..#############.................#######...................#######....................#######...............################...............#######....................#######....................#######................#############..#####
#####...###########...................#####.....................#####......................#####................################................#####......................#####......................#####..................###########...#####
#####....#########..............................................................................................################..............................................................................................#########....#####
#####.....#######...............................................................................................################...............................................................................................#######.....#####
#####...........................................................................................................################...........................................................................................................#####
#####...........................................................................................................################...........................................................................................................#####
#####...........................................................................................................################...........................................................................................................#####
#####...........................................................................................................################...........................................................................................................#####
#####...........................................................................................................################...........................................................................................................#####
#####...........................................................................................................################...........................................................................................................#####
#####...........................................................................................................################...........................................................................................................#####
#####...........................................................................................................################...........................................................................................................#####
#####...........................................................................................................################...........................................................................................................#####
#####...........................................................................................................################...........................................................................................................#####
#####...........................................................................................................################...........................................................................................................#####
#####...........................###########################################.....................................################.....................................###########################################...........................#####
#####...........................###########################################.....................................################.....................................###########################################...........................#####
#####......#####................###########################################................#####................################................#####................###########################################................#####......#####
#####.....#######...............###########################################...............#######...............################...............#######...............###########################################...............#######.....#####
#####.....#######...............###########################################...............#######...............################...............#######...............###########################################...............#######.....#####
#####.....#######...............###########################################...............#######...............################...............#######...............###########################################...............#######.....#####
#####......#####................###########################################................#####................################................#####................###########################################................#####......#####
#####...........................###########################################.....................................################.....................................###########################################...........................#####
#####...........................###########################################.....................................################.....................................###########################################...........................#####
#####...........................###########################################.....................................################.....................................###########################################...........................#####
#####......................................................................................................................................................................................................................................#####
#####......................................................................................................................................................................................................................................#####
#####......................................................................................................................................................................................................................................#####
#####......................................................................................................................................................................................................................................#####
#####......................................................................................................................................................................................................................................#####
#####......................................................................................................................................................................................................................................#####
#####......................................................................................................................................................................................................................................#####
#####......................................................................................................................................................................................................................................#####
#####......................................................................................................................................................................................................................................#####
#####......................................................................................................................................................................................................................................#####
#####......................................................................................................................................................................................................................................#####
#####......................................................................................................................................................................................................................................#####
#####......................................................................................................................................................................................................................................#####
#####......#####......................#####.....................#####......................#####......................#####.....................#####......................#####......................#####.....................#####......#####
#####.....#######....................#######...................#######....................#######....................#######...................#######....................#######....................#######...................#######.....#####
#####.....#######....................#######...................#######....................#######....................#######...................#######....................#######....................#######...................#######.....#####
#####.....#######....................#######...................#######....................#######....................#######...................#######....................#######....................#######...................#######.....#####
#####......#####......................#####.....................#####......................#####......................#####.....................#####......................#####......................#####.....................#####......#####
#####......................................................................................................................................................................................................................................#####
#####......................................................................................................................................................................................................................................#####
#####......................................................................................................................................................................................................................................#####
#####......................................................................................................................................................................................................................................#####
#####......................................................................................................................................................................................................................................#####
#####......................................................................................................................................................................................................................................#####
#####......................................................................................................................................................................................................................................#####
#####......................................................................................................................................................................................................................................#####
................................................................................................................................................................................................................................................
................................................................................................................................................................................................................................................
................................................................................................................................................................................................................................................
...................................................................................................................##########...................................................................................................................
...................................................................................................................##########...................................................................................................................
................................################.....................................################............##..........##............################.....................................################................................
................................################.....................................################............##..........##............################.....................................################................................
................................################.....................................################..........##..##......##..##..........################.....................................################................................
...........#####................################................#####................################..........##..##......##..##..........################................#####................################................#####...........
..........#######...............################...............#######...............################..........##..............##..........################...............#######...............################...............#######..........
..........#######...............################...............#######...............################..........##..............##..........################...............#######...............################...............#######..........
..........#######...............################...............#######...............################..........##..............##..........################...............#######...............################...............#######..........
...........#####................################................#####................################..........##..............##..........################................#####................################................#####...........
................................################.....................................################..........##..............##..........################.....................................################................................
................................################.....................................################..........##..............##..........################.....................................################................................
...............................................................................................................####..##..##..####...............................................................................................................
...............................................................................................................####..##..##..####...............................................................................................................
................................................................................................................................................................................................................................................
................................................................................................................................................................................................................................................
................................................................................................................................................................................................................................................
#####......................................................................................................................................................................................................................................#####
#####......................................................................................................................................................................................................................................#####
#####......................................................................................................................................................................................................................................#####
#####......................................................................................................................................................................................................................................#####
#####......................................................................................................................................................................................................................................#####
#####......................................................................................................................................................................................................................................#####
#####......................................................................................................................................................................................................................................#####
#####......................................................................................................................................................................................................................................#####
#####......#####......................#####.....................#####......................#####......................#####.....................#####......................#####......................#####.....................#####......#####
#####.....#######....................#######...................#######....................#######....................#######...................#######....................#######....................#######...................#######.....#####
#####.....#######....................#######...................#######....................#######....................#######...................#######....................#######....................#######...................#######.....#####
#####.....#######....................#######...................#######....................#######....................#######...................#######....................#######....................#######...................#######.....#####
#####......#####......................#####.....................#####......................#####......................#####.....................#####......................#####......................#####.....................#####......#####
#####......................................................................................................................................................................................................................................#####
#####......................................................................................................................................................................................................................................#####
#####......................................................................................................................................................................................................................................#####
#####......................................................................................................................................................................................................................................#####
#####......................................................................................................................................................................................................................................#####
#####......................................................................................................................................................................................................................................#####
#####......................................................................................................................................................................................................................................#####
#####......................................................................................................................................................................................................................................#####
#####......................................................................................................................................................................................................................................#####
#####......................................................................................................................................................................................................................................#####
#####......................................................................................................................................................................................................................................#####
#####......................................................................................................................................................................................................................................#####
#####......................................................................................................................................................................................................................................#####
#####...........................###########################################.....................................################.....................................###########################################...........................#####
#####...........................###########################################.....................................################.....................................###########################################...........................#####
#####...........................###########################################.....................................################.....................................###########################################...........................#####
#####......#####................###########################################................#####................################................#####................###########################################................#####......#####
#####.....#######...............###########################################...............#######...............################...............#######...............###########################################...............#######.....#####
#####.....#######...............###########################################...............#######...............################...............#######...............###########################################...............#######.....#####
#####.....#######...............###########################################...............#######...............################...............#######...............###########################################...............#######.....#####
#####......#####................###########################################................#####................################................#####................###########################################................#####......#####
#####...........................###########################################.....................................################.....................................###########################################...........................#####
#####...........................###########################################.....................................################.....................................###########################################...........................#####
#####......................................................................................................................................................................................................................................#####
#####......................................................................................................................................................................................................................................#####
#####......................................................................................................................................................................................................................................#####
#####......................................................................................................................................................................................................................................#####
#####......................................................................................................................................................................................................................................#####
#####......................................................................................................................................................................................................................................#####
#####......................................................................................................................................................................................................................................#####
#####......................................................................................................................................................................................................................................#####
#####......................................................................................................................................................................................................................................#####
#####............................................................................................................##############............................................................................................................#####
#####............................................................................................................##############............................................................................................................#####
#####.....#######..............................................................................................##################..............................................................................................#######.....#####
#####....#########.............................................................................................##################.............................................................................................#########....#####
#####...###########...................#####.....................#####......................#####...................################.............#####......................#####......................#####..................###########...#####
#####..#############.................#######...................#######....................#######..................################............#######....................#######....................#######................#############..#####
#####..#############.................#######...................#######....................#######......................############............#######....................#######....................#######................#############..#####
#####..#############.................#######...................#######....................#######......................############............#######....................#######....................#######................#############..#####
#####...###########...................#####.....................#####......................#####...................################.............#####......................#####......................#####..................###########...#####
#####....#########.................................................................................................################...........................................................................................#########....#####
#####.....#######..............................................................................................##################..............................................................................................#######.....#####
#####..........................................................................................................##################..........................................................................................................#####
################################################################################################################################################################################################################################################
################################################################################################################################################################################################################################################
################################################################################################################################################################################################################################################
################################################################################################################################################################################################################################################
################################################################################################################################################################################################################################################"
`;
